exports[`<Autocomplete /> renders correctly 1`] = `
ShallowWrapper {
  Symbol(enzyme.__root__): [Circular],
  Symbol(enzyme.__unrendered__): <Autocomplete
    data={
        Array [
            "1",
            "2",
            "3",
          ]
    }
    handleClick={[Function]}
    height="260px" />,
  Symbol(enzyme.__renderer__): Object {
    "batchedUpdates": [Function],
    "checkPropTypes": [Function],
    "getNode": [Function],
    "render": [Function],
    "simulateError": [Function],
    "simulateEvent": [Function],
    "unmount": [Function],
  },
  Symbol(enzyme.__node__): Object {
    "instance": null,
    "key": undefined,
    "nodeType": "function",
    "props": Object {
      "children": Array [
        " ",
        Array [
          <Unknown
            onMouseDown={[Function]}>
            <b />
            1
</Unknown>,
          <Unknown
            onMouseDown={[Function]}>
            <b />
            2
</Unknown>,
          <Unknown
            onMouseDown={[Function]}>
            <b />
            3
</Unknown>,
        ],
        " ",
      ],
      "height": "260px",
    },
    "ref": null,
    "rendered": Array [
      " ",
      Object {
        "instance": null,
        "key": "0",
        "nodeType": "function",
        "props": Object {
          "children": Array [
            <b />,
            "1",
          ],
          "onMouseDown": [Function],
        },
        "ref": null,
        "rendered": Array [
          Object {
            "instance": null,
            "key": undefined,
            "nodeType": "host",
            "props": Object {
              "children": "",
            },
            "ref": null,
            "rendered": "",
            "type": "b",
          },
          "1",
        ],
        "type": Object {
          "$$typeof": Symbol(react.forward_ref),
          "attrs": Array [],
          "componentStyle": ComponentStyle {
            "componentId": "sc-bwzfXH",
            "isStatic": false,
            "rules": Array [
              "
  width: 100%;
  box-sizing: border-box;
  padding: 10px;
  
  cursor: pointer;
  &:hover {
    background-color: rgba(0, 0, 0, 0.05);
  }
",
            ],
          },
          "displayName": "styled.li",
          "foldedComponentIds": Array [],
          "render": [Function],
          "styledComponentId": "sc-bwzfXH",
          "target": "li",
          "toString": [Function],
          "usesTheme": false,
          "warnTooManyClasses": [Function],
          "withComponent": [Function],
        },
      },
      Object {
        "instance": null,
        "key": "1",
        "nodeType": "function",
        "props": Object {
          "children": Array [
            <b />,
            "2",
          ],
          "onMouseDown": [Function],
        },
        "ref": null,
        "rendered": Array [
          Object {
            "instance": null,
            "key": undefined,
            "nodeType": "host",
            "props": Object {
              "children": "",
            },
            "ref": null,
            "rendered": "",
            "type": "b",
          },
          "2",
        ],
        "type": Object {
          "$$typeof": Symbol(react.forward_ref),
          "attrs": Array [],
          "componentStyle": ComponentStyle {
            "componentId": "sc-bwzfXH",
            "isStatic": false,
            "rules": Array [
              "
  width: 100%;
  box-sizing: border-box;
  padding: 10px;
  
  cursor: pointer;
  &:hover {
    background-color: rgba(0, 0, 0, 0.05);
  }
",
            ],
          },
          "displayName": "styled.li",
          "foldedComponentIds": Array [],
          "render": [Function],
          "styledComponentId": "sc-bwzfXH",
          "target": "li",
          "toString": [Function],
          "usesTheme": false,
          "warnTooManyClasses": [Function],
          "withComponent": [Function],
        },
      },
      Object {
        "instance": null,
        "key": "2",
        "nodeType": "function",
        "props": Object {
          "children": Array [
            <b />,
            "3",
          ],
          "onMouseDown": [Function],
        },
        "ref": null,
        "rendered": Array [
          Object {
            "instance": null,
            "key": undefined,
            "nodeType": "host",
            "props": Object {
              "children": "",
            },
            "ref": null,
            "rendered": "",
            "type": "b",
          },
          "3",
        ],
        "type": Object {
          "$$typeof": Symbol(react.forward_ref),
          "attrs": Array [],
          "componentStyle": ComponentStyle {
            "componentId": "sc-bwzfXH",
            "isStatic": false,
            "rules": Array [
              "
  width: 100%;
  box-sizing: border-box;
  padding: 10px;
  
  cursor: pointer;
  &:hover {
    background-color: rgba(0, 0, 0, 0.05);
  }
",
            ],
          },
          "displayName": "styled.li",
          "foldedComponentIds": Array [],
          "render": [Function],
          "styledComponentId": "sc-bwzfXH",
          "target": "li",
          "toString": [Function],
          "usesTheme": false,
          "warnTooManyClasses": [Function],
          "withComponent": [Function],
        },
      },
      " ",
    ],
    "type": Object {
      "$$typeof": Symbol(react.forward_ref),
      "attrs": Array [],
      "componentStyle": ComponentStyle {
        "componentId": "sc-bdVaJa",
        "isStatic": false,
        "rules": Array [
          "
  padding: 0 15px;
  height: ",
          [Function],
          ";
  overflow-y: scroll;
  transition: all 0.3s ease;
  flex-basis: 100%;
  ::-webkit-scrollbar {
    width: 10px;
  }
  ::-webkit-scrollbar-track {
    background: #f1f1f1;
  }
  ::-webkit-scrollbar-thumb {
    background: #888;
  }
  ::-webkit-scrollbar-thumb:hover {
    background: #555;
  }
",
        ],
      },
      "displayName": "styled.ul",
      "foldedComponentIds": Array [],
      "render": [Function],
      "styledComponentId": "sc-bdVaJa",
      "target": "ul",
      "toString": [Function],
      "usesTheme": false,
      "warnTooManyClasses": [Function],
      "withComponent": [Function],
    },
  },
  Symbol(enzyme.__nodes__): Array [
    Object {
      "instance": null,
      "key": undefined,
      "nodeType": "function",
      "props": Object {
        "children": Array [
          " ",
          Array [
            <Unknown
              onMouseDown={[Function]}>
              <b />
              1
</Unknown>,
            <Unknown
              onMouseDown={[Function]}>
              <b />
              2
</Unknown>,
            <Unknown
              onMouseDown={[Function]}>
              <b />
              3
</Unknown>,
          ],
          " ",
        ],
        "height": "260px",
      },
      "ref": null,
      "rendered": Array [
        " ",
        Object {
          "instance": null,
          "key": "0",
          "nodeType": "function",
          "props": Object {
            "children": Array [
              <b />,
              "1",
            ],
            "onMouseDown": [Function],
          },
          "ref": null,
          "rendered": Array [
            Object {
              "instance": null,
              "key": undefined,
              "nodeType": "host",
              "props": Object {
                "children": "",
              },
              "ref": null,
              "rendered": "",
              "type": "b",
            },
            "1",
          ],
          "type": Object {
            "$$typeof": Symbol(react.forward_ref),
            "attrs": Array [],
            "componentStyle": ComponentStyle {
              "componentId": "sc-bwzfXH",
              "isStatic": false,
              "rules": Array [
                "
  width: 100%;
  box-sizing: border-box;
  padding: 10px;
  
  cursor: pointer;
  &:hover {
    background-color: rgba(0, 0, 0, 0.05);
  }
",
              ],
            },
            "displayName": "styled.li",
            "foldedComponentIds": Array [],
            "render": [Function],
            "styledComponentId": "sc-bwzfXH",
            "target": "li",
            "toString": [Function],
            "usesTheme": false,
            "warnTooManyClasses": [Function],
            "withComponent": [Function],
          },
        },
        Object {
          "instance": null,
          "key": "1",
          "nodeType": "function",
          "props": Object {
            "children": Array [
              <b />,
              "2",
            ],
            "onMouseDown": [Function],
          },
          "ref": null,
          "rendered": Array [
            Object {
              "instance": null,
              "key": undefined,
              "nodeType": "host",
              "props": Object {
                "children": "",
              },
              "ref": null,
              "rendered": "",
              "type": "b",
            },
            "2",
          ],
          "type": Object {
            "$$typeof": Symbol(react.forward_ref),
            "attrs": Array [],
            "componentStyle": ComponentStyle {
              "componentId": "sc-bwzfXH",
              "isStatic": false,
              "rules": Array [
                "
  width: 100%;
  box-sizing: border-box;
  padding: 10px;
  
  cursor: pointer;
  &:hover {
    background-color: rgba(0, 0, 0, 0.05);
  }
",
              ],
            },
            "displayName": "styled.li",
            "foldedComponentIds": Array [],
            "render": [Function],
            "styledComponentId": "sc-bwzfXH",
            "target": "li",
            "toString": [Function],
            "usesTheme": false,
            "warnTooManyClasses": [Function],
            "withComponent": [Function],
          },
        },
        Object {
          "instance": null,
          "key": "2",
          "nodeType": "function",
          "props": Object {
            "children": Array [
              <b />,
              "3",
            ],
            "onMouseDown": [Function],
          },
          "ref": null,
          "rendered": Array [
            Object {
              "instance": null,
              "key": undefined,
              "nodeType": "host",
              "props": Object {
                "children": "",
              },
              "ref": null,
              "rendered": "",
              "type": "b",
            },
            "3",
          ],
          "type": Object {
            "$$typeof": Symbol(react.forward_ref),
            "attrs": Array [],
            "componentStyle": ComponentStyle {
              "componentId": "sc-bwzfXH",
              "isStatic": false,
              "rules": Array [
                "
  width: 100%;
  box-sizing: border-box;
  padding: 10px;
  
  cursor: pointer;
  &:hover {
    background-color: rgba(0, 0, 0, 0.05);
  }
",
              ],
            },
            "displayName": "styled.li",
            "foldedComponentIds": Array [],
            "render": [Function],
            "styledComponentId": "sc-bwzfXH",
            "target": "li",
            "toString": [Function],
            "usesTheme": false,
            "warnTooManyClasses": [Function],
            "withComponent": [Function],
          },
        },
        " ",
      ],
      "type": Object {
        "$$typeof": Symbol(react.forward_ref),
        "attrs": Array [],
        "componentStyle": ComponentStyle {
          "componentId": "sc-bdVaJa",
          "isStatic": false,
          "rules": Array [
            "
  padding: 0 15px;
  height: ",
            [Function],
            ";
  overflow-y: scroll;
  transition: all 0.3s ease;
  flex-basis: 100%;
  ::-webkit-scrollbar {
    width: 10px;
  }
  ::-webkit-scrollbar-track {
    background: #f1f1f1;
  }
  ::-webkit-scrollbar-thumb {
    background: #888;
  }
  ::-webkit-scrollbar-thumb:hover {
    background: #555;
  }
",
          ],
        },
        "displayName": "styled.ul",
        "foldedComponentIds": Array [],
        "render": [Function],
        "styledComponentId": "sc-bdVaJa",
        "target": "ul",
        "toString": [Function],
        "usesTheme": false,
        "warnTooManyClasses": [Function],
        "withComponent": [Function],
      },
    },
  ],
  Symbol(enzyme.__options__): Object {
    "adapter": ReactSixteenAdapter {
      "options": Object {
        "enableComponentDidUpdateOnSetState": true,
        "legacyContextMode": "parent",
        "lifecycles": Object {
          "componentDidUpdate": Object {
            "onSetState": true,
          },
          "getChildContext": Object {
            "calledByRenderer": false,
          },
          "getDerivedStateFromError": true,
          "getDerivedStateFromProps": Object {
            "hasShouldComponentUpdateBug": false,
          },
          "getSnapshotBeforeUpdate": true,
          "setState": Object {
            "skipsComponentDidUpdateOnNullish": true,
          },
        },
      },
    },
    Symbol(enzyme.__providerValues__): undefined,
  },
  Symbol(enzyme.__providerValues__): Map {},
}
`;
